npm warn Unknown env config "http-proxy". This will stop working in the next major version of npm.

> pcpowerlab-frontend@0.1.0 build
> vite build

vite v7.3.3 building client environment for production...
transforming...
✓ 2452 modules transformed.
rendering chunks...
computing gzip size...
dist/index.html                   0.56 kB │ gzip:   0.36 kB
dist/assets/index-BDJZNq_R.css   47.74 kB │ gzip:   9.27 kB
dist/assets/index-9v2_mMR4.js   822.19 kB │ gzip: 247.29 kB

(!) Some chunks are larger than 500 kB after minification. Consider:
- Using dynamic import() to code-split the application
- Use build.rollupOptions.output.manualChunks to improve chunking: https://rollupjs.org/configuration-options/#output-manualchunks
- Adjust chunk size limit for this warning via build.chunkSizeWarningLimit.
✓ built in 3.65s
npm notice
npm notice New major version of npm available! 11.9.0 -> 12.2.0
npm notice Changelog: https://github.com/npm/cli/releases/tag/v12.2.0
npm notice To update run: npm install -g npm@12.2.0
npm notice
