✖ admin rejects malformed storageInterfaces atomically (1.882303ms)
✖ admin rejects malformed supportedFormFactors atomically (0.267746ms)
✔ missing optional storage interfaces stay unverified; missing required case formats are rejected (1.734665ms)
✖ legacy missing or malformed storageInterfaces cannot approve compatibility or crash recommendations (3.172271ms)
✖ legacy missing or malformed supportedFormFactors cannot approve compatibility or crash recommendations (1.16928ms)
✖ a malformed legacy candidate is skipped while healthy recommendations and fixes remain usable (2.063321ms)
ℹ tests 6
ℹ suites 0
ℹ pass 1
ℹ fail 5
ℹ cancelled 0
ℹ skipped 0
ℹ todo 0
ℹ duration_ms 108.742468

✖ failing tests:

test at tests/core-spec-array-contract.test.js:14:3
✖ admin rejects malformed storageInterfaces atomically (1.882303ms)
  AssertionError [ERR_ASSERTION]: Missing expected exception.
      at TestContext.<anonymous> (file:///workspace/shared/pcpowerlab-v2-baseline/tests/core-spec-array-contract.test.js:18:16)
      at Test.runInAsyncScope (node:async_hooks:227:14)
      at Test.run (node:internal/test_runner/test:1382:25)
      at Test.start (node:internal/test_runner/test:1242:17)
      at startSubtestAfterBootstrap (node:internal/test_runner/harness:387:17) {
    generatedMessage: false,
    code: 'ERR_ASSERTION',
    actual: undefined,
    expected: { statusCode: 400 },
    operator: 'throws',
    diff: 'simple'
  }

test at tests/core-spec-array-contract.test.js:14:3
✖ admin rejects malformed supportedFormFactors atomically (0.267746ms)
  AssertionError [ERR_ASSERTION]: Missing expected exception.
      at TestContext.<anonymous> (file:///workspace/shared/pcpowerlab-v2-baseline/tests/core-spec-array-contract.test.js:18:16)
      at Test.runInAsyncScope (node:async_hooks:227:14)
      at Test.run (node:internal/test_runner/test:1382:25)
      at Test.processPendingSubtests (node:internal/test_runner/test:960:18)
      at Test.postRun (node:internal/test_runner/test:1522:19)
      at Test.run (node:internal/test_runner/test:1447:12)
      at async startSubtestAfterBootstrap (node:internal/test_runner/harness:387:3) {
    generatedMessage: false,
    code: 'ERR_ASSERTION',
    actual: undefined,
    expected: { statusCode: 400 },
    operator: 'throws',
    diff: 'simple'
  }

test at tests/core-spec-array-contract.test.js:43:3
✖ legacy missing or malformed storageInterfaces cannot approve compatibility or crash recommendations (3.172271ms)
  AssertionError [ERR_ASSERTION]: Expected values to be strictly deep-equal:
  + actual - expected

  + Comparison {}
  - Comparison {
  -   statusCode: 422
  - }

      at TestContext.<anonymous> (file:///workspace/shared/pcpowerlab-v2-baseline/tests/core-spec-array-contract.test.js:52:16)
      at Test.runInAsyncScope (node:async_hooks:227:14)
      at Test.run (node:internal/test_runner/test:1382:25)
      at Test.processPendingSubtests (node:internal/test_runner/test:960:18)
      at Test.postRun (node:internal/test_runner/test:1522:19)
      at Test.run (node:internal/test_runner/test:1447:12)
      at async Test.processPendingSubtests (node:internal/test_runner/test:960:7) {
    generatedMessage: true,
    code: 'ERR_ASSERTION',
    actual: TypeError: Cannot read properties of undefined (reading 'includes')
        at isPartialSelectionViable (file:///workspace/shared/pcpowerlab-v2-baseline/src/services/recommendationService.js:333:103)
        at visitBuildCombinations (file:///workspace/shared/pcpowerlab-v2-baseline/src/services/recommendationService.js:308:10)
        at visitBuildCombinations (file:///workspace/shared/pcpowerlab-v2-baseline/src/services/recommendationService.js:312:5)
        at visitBuildCombinations (file:///workspace/shared/pcpowerlab-v2-baseline/src/services/recommendationService.js:312:5)
        at visitBuildCombinations (file:///workspace/shared/pcpowerlab-v2-baseline/src/services/recommendationService.js:312:5)
        at visitBuildCombinations (file:///workspace/shared/pcpowerlab-v2-baseline/src/services/recommendationService.js:312:5)
        at findBestCompatibleBuild (file:///workspace/shared/pcpowerlab-v2-baseline/src/services/recommendationService.js:234:3)
        at recommendBuildByBudget (file:///workspace/shared/pcpowerlab-v2-baseline/src/services/recommendationService.js:86:26)
        at assert.throws.statusCode (file:///workspace/shared/pcpowerlab-v2-baseline/tests/core-spec-array-contract.test.js:52:29)
        at getActual (node:assert:611:5),
    expected: { statusCode: 422 },
    operator: 'throws',
    diff: 'simple'
  }

test at tests/core-spec-array-contract.test.js:43:3
✖ legacy missing or malformed supportedFormFactors cannot approve compatibility or crash recommendations (1.16928ms)
  AssertionError [ERR_ASSERTION]: Expected values to be strictly deep-equal:
  + actual - expected

  + Comparison {}
  - Comparison {
  -   statusCode: 422
  - }

      at TestContext.<anonymous> (file:///workspace/shared/pcpowerlab-v2-baseline/tests/core-spec-array-contract.test.js:52:16)
      at Test.runInAsyncScope (node:async_hooks:227:14)
      at Test.run (node:internal/test_runner/test:1382:25)
      at Test.processPendingSubtests (node:internal/test_runner/test:960:18)
      at Test.postRun (node:internal/test_runner/test:1522:19)
      at Test.run (node:internal/test_runner/test:1447:12)
      at async Test.processPendingSubtests (node:internal/test_runner/test:960:7) {
    generatedMessage: true,
    code: 'ERR_ASSERTION',
    actual: TypeError: Cannot read properties of undefined (reading 'includes')
        at isPartialSelectionViable (file:///workspace/shared/pcpowerlab-v2-baseline/src/services/recommendationService.js:348:96)
        at visitBuildCombinations (file:///workspace/shared/pcpowerlab-v2-baseline/src/services/recommendationService.js:308:10)
        at visitBuildCombinations (file:///workspace/shared/pcpowerlab-v2-baseline/src/services/recommendationService.js:312:5)
        at visitBuildCombinations (file:///workspace/shared/pcpowerlab-v2-baseline/src/services/recommendationService.js:312:5)
        at visitBuildCombinations (file:///workspace/shared/pcpowerlab-v2-baseline/src/services/recommendationService.js:312:5)
        at visitBuildCombinations (file:///workspace/shared/pcpowerlab-v2-baseline/src/services/recommendationService.js:312:5)
        at visitBuildCombinations (file:///workspace/shared/pcpowerlab-v2-baseline/src/services/recommendationService.js:312:5)
        at visitBuildCombinations (file:///workspace/shared/pcpowerlab-v2-baseline/src/services/recommendationService.js:312:5)
        at findBestCompatibleBuild (file:///workspace/shared/pcpowerlab-v2-baseline/src/services/recommendationService.js:234:3)
        at recommendBuildByBudget (file:///workspace/shared/pcpowerlab-v2-baseline/src/services/recommendationService.js:86:26),
    expected: { statusCode: 422 },
    operator: 'throws',
    diff: 'simple'
  }

test at tests/core-spec-array-contract.test.js:61:1
✖ a malformed legacy candidate is skipped while healthy recommendations and fixes remain usable (2.063321ms)
  TypeError: components.case.specs.supportedFormFactors.includes is not a function
      at isPartialSelectionViable (file:///workspace/shared/pcpowerlab-v2-baseline/src/services/recommendationService.js:348:96)
      at visitBuildCombinations (file:///workspace/shared/pcpowerlab-v2-baseline/src/services/recommendationService.js:308:10)
      at visitBuildCombinations (file:///workspace/shared/pcpowerlab-v2-baseline/src/services/recommendationService.js:312:5)
      at visitBuildCombinations (file:///workspace/shared/pcpowerlab-v2-baseline/src/services/recommendationService.js:312:5)
      at visitBuildCombinations (file:///workspace/shared/pcpowerlab-v2-baseline/src/services/recommendationService.js:312:5)
      at visitBuildCombinations (file:///workspace/shared/pcpowerlab-v2-baseline/src/services/recommendationService.js:312:5)
      at visitBuildCombinations (file:///workspace/shared/pcpowerlab-v2-baseline/src/services/recommendationService.js:312:5)
      at visitBuildCombinations (file:///workspace/shared/pcpowerlab-v2-baseline/src/services/recommendationService.js:312:5)
      at findBestCompatibleBuild (file:///workspace/shared/pcpowerlab-v2-baseline/src/services/recommendationService.js:234:3)
      at recommendBuildByBudget (file:///workspace/shared/pcpowerlab-v2-baseline/src/services/recommendationService.js:86:26)
