npm warn Unknown env config "http-proxy". This will stop working in the next major version of npm.
Listing tests:
  [desktop] › build-wizard.spec.js:75:1 › avança pelas nove etapas, mantém ações visíveis e retorna sem perder peças
  [desktop] › build-wizard.spec.js:113:1 › substitui e remove uma peça sem apagar as outras; invalida análises antigas
  [desktop] › build-wizard.spec.js:139:1 › explica campos inválidos, peças faltantes e rejeição do orçamento pela API
  [desktop] › build-wizard.spec.js:175:1 › mantém etapa e contexto ao visitar outra página e aceita storage anterior
  [desktop] › build-wizard.spec.js:193:1 › catálogo apresenta carregamento, falha, recuperação e ausência de peças
  [desktop] › build-wizard.spec.js:217:1 › incompatibilidade continua bloqueando gargalos e não aparece como sucesso
  [desktop] › build-wizard.spec.js:232:1 › trata erros de análise, recomendação e salvamento sem rejeições não capturadas
  [desktop] › build-wizard.spec.js:259:1 › resposta tardia não restaura análises após remover uma peça
  [desktop] › build-wizard.spec.js:275:1 › normalização de centavos preserva os resultados da configuração analisada
  [desktop] › build-wizard.spec.js:286:1 › movimento reduzido usa rolagem instantânea e posiciona foco acima das peças
  [desktop] › build-wizard.spec.js:307:1 › continua navegável com armazenamento local bloqueado
  [desktop] › build-wizard.spec.js:320:1 › sair durante análise não mantém carregamento permanente nem aplica resposta antiga
  [desktop] › build-wizard.spec.js:336:1 › aplica recomendação, permite reanalisar e salva as peças substituídas
  [desktop] › build-wizard.spec.js:359:1 › Escape fecha a lista de etapas e retorna ao acionador sem mudar seleção
  [desktop] › build-wizard.spec.js:372:1 › editar refrigeração limpa sucesso antigo e mantém revisão pendente
  [desktop] › build-wizard.spec.js:390:3 › não conclui revisão nem simula gargalos com bloqueio {"compatible":true,"status":"unverified","unverifiedChecks":[{"code":"missing-data"}]}
  [desktop] › build-wizard.spec.js:390:3 › não conclui revisão nem simula gargalos com bloqueio {"compatible":true,"status":"incompatible"}
  [desktop] › build-wizard.spec.js:390:3 › não conclui revisão nem simula gargalos com bloqueio {"compatible":true,"violations":[{"severity":"low","blocking":true}]}
  [desktop] › build-wizard.spec.js:390:3 › não conclui revisão nem simula gargalos com bloqueio {"compatible":true,"issues":[{"severity":"critical"}]}
  [desktop] › catalog-v23.spec.js:58:1 › v2.3 combina CPU AMD AM4 até R$ 1000 e limpa filtros técnicos ao trocar categoria
  [desktop] › catalog-v23.spec.js:81:3 › v2.3 combina filtros técnicos de ram
  [desktop] › catalog-v23.spec.js:81:3 › v2.3 combina filtros técnicos de storage
  [desktop] › catalog-v23.spec.js:81:3 › v2.3 combina filtros técnicos de cooler
  [desktop] › catalog-v23.spec.js:81:3 › v2.3 combina filtros técnicos de fan
  [desktop] › catalog-v23.spec.js:93:1 › v2.3 ordena preço, desempenho e custo-benefício depois dos filtros, mantendo desconhecidos no fim
  [desktop] › catalog-v23.spec.js:120:1 › v2.3 destaca diferenças sem transformar dados desconhecidos em zero e bloqueia comparação entre categorias
  [desktop] › catalog-v23.spec.js:146:1 › v2.3 adicionar do catálogo preserva demais peças e preferências, invalida análises e persiste ao recarregar
  [desktop] › catalog-v23.spec.js:164:1 › v2.3 tabela de comparação mantém rolagem horizontal dentro do modal no celular
  [desktop] › catalog-v23.spec.js:189:1 › v2.3 compatibilidade usa a montagem atual e diferencia compatível, conflito e verificação incompleta
  [desktop] › catalog-v23.spec.js:222:1 › v2.3 adicionar fan pela comparação mantém quantidades existentes e não duplica pacotes selecionados
  [desktop] › catalog-v23.spec.js:243:1 › v2.3 faixa de desempenho inválida tem orientação e muda de categoria sem filtros invisíveis
  [desktop] › catalog-v23.spec.js:259:1 › v2.3 falha de compatibilidade permite tentar novamente e resposta antiga não filtra outra montagem
  [desktop] › catalog.spec.js:61:1 › combina marca, categoria, nome e limites inclusivos de preço; explica faixa inválida
  [desktop] › catalog.spec.js:83:1 › compara peças da mesma categoria, mantém seleção ao filtrar e padroniza unidades
  [desktop] › catalog.spec.js:105:1 › limita a comparação a quatro peças e identifica especificação ausente
  [desktop] › catalog.spec.js:116:1 › fotografia licenciada, ausência e falha de imagem mantêm fallback e cards alinhados
  [desktop] › catalog.spec.js:137:1 › imagem sem origem/licença não é carregada; preços ausentes não aparecem como zero
  [desktop] › catalog.spec.js:150:1 › catálogo diferencia carregamento, falha, vazio e recuperação
  [desktop] › catalog.spec.js:165:1 › substitui uma peça recomendada no resumo após verificar e preserva a montagem
  [desktop] › catalog.spec.js:200:1 › incompatibilidade impede aplicar; fechar a prévia mantém as escolhas e análises anteriores
  [desktop] › catalog.spec.js:214:1 › excesso de orçamento e análises indisponíveis são informados sem inventar aprovação de desempenho
  [desktop] › catalog.spec.js:227:1 › falha de API e resposta atrasada não alteram a montagem nem aprovam outra peça
  [desktop] › catalog.spec.js:248:1 › montagem incompleta orienta completar as outras peças sem chamar a API de análise
  [desktop] › catalog.spec.js:259:1 › sugestão técnica no resumo reutiliza a mesma prévia e revalida antes de aplicar
  [desktop] › catalog.spec.js:273:1 › v2.4 undo after reload restores previous pieces and recalculates matching analyses
  [desktop] › catalog.spec.js:290:1 › v2.4 pending technical data allow explicit single replacement without claiming compatibility
  [desktop] › chart-presentation-v25.spec.js:27:1 › gráficos têm títulos, unidades e categorias legíveis sem depender da cor
  [desktop] › chart-presentation-v25.spec.js:43:1 › consumo parcial não apresenta referência da fonte nem diferença como cálculo completo
  [desktop] › chart-presentation-v25.spec.js:56:1 › nota ausente continua diferente de zero e mantém critério disponível
  [desktop] › chart-presentation-v25.spec.js:70:1 › tabela FPS recupera nomes completos e valores sem depender de hover
  [desktop] › component-images.spec.js:40:1 › shows exact local images in summary, wizard, recommendations and ID-only saved/shared contexts
  [desktop] › component-images.spec.js:51:1 › ready build details and build comparison selections render ID-resolved media
  [desktop] › component-images.spec.js:68:1 › individual recommendations, upgrades and ranking use current catalog metadata
  [desktop] › component-images.spec.js:77:1 › a stale verified snapshot cannot override current blocked metadata or load legacy URLs
  [desktop] › component-images.spec.js:85:1 › mismatched IDs, external paths and unverified statuses fail closed
  [desktop] › component-images.spec.js:98:1 › a name-only saved snapshot cannot infer an approved catalog photo by name
  [desktop] › component-images.spec.js:113:1 › loading, error and subsequent verified source have accessible states and no broken image
  [desktop] › component-images.spec.js:133:1 › changing a failed model to a different exact model resets image state
  [desktop] › cooling.spec.js:10:1 › cooling packs persist, invalidate analysis, and can be removed without compatibility approval
  [desktop] › cooling.spec.js:36:1 › unverified cooling is distinguished from incompatible builds
  [desktop] › navigation-v25.spec.js:21:1 › link da rota atual fecha o grupo e devolve foco ao título; voltar e avançar preservam a navegação
  [desktop] › navigation-v25.spec.js:37:1 › Escape, clique externo e foco fora do cabeçalho fecham os grupos
  [desktop] › navigation-v25.spec.js:53:1 › mudança entre desktop e menu compacto nunca deixa foco num controle oculto
  [desktop] › navigation-v25.spec.js:66:1 › admin fica fora da navegação pública mas mantém a rota de autenticação
  [desktop] › navigation-v25.spec.js:76:1 › compartilhamento mantém título em erro e permite nova tentativa
  [desktop] › performance-lab.spec.js:53:1 › simula um único jogo pelo contrato existente e preserva classificação, requisitos e detalhes da API
  [desktop] › performance-lab.spec.js:78:1 › compara vários jogos e usa requisitos da API em vez de inferi-los por 60 FPS
  [desktop] › performance-lab.spec.js:114:1 › troca de modo, jogo e configurações invalida resultado e ignora resposta atrasada
  [desktop] › performance-lab.spec.js:142:1 › build incompleta bloqueia ambos os modos sem chamar as APIs
  [desktop] › performance-lab.spec.js:157:1 › ausência de parâmetros, falha de rede e falha de comparação permitem tentar novamente
  [desktop] › performance-lab.spec.js:184:1 › carregamento, erro e catálogo vazio são distintos; falha de software não bloqueia jogos
  [desktop] › performance-lab.spec.js:208:1 › dados ausentes não viram zero FPS nem entram na média
  [desktop] › performance-lab.spec.js:222:1 › simulação profissional mantém funcionamento e erros separados do jogo
  [desktop] › performance-lab.spec.js:238:1 › explicações e detalhes são acessíveis por teclado
  [desktop] › performance-lab.spec.js:254:1 › resumo distingue compatibilidade pendente e mantém avisos da nota geral visíveis
  [desktop] › performance-lab.spec.js:267:1 › gargalos e energia explicam unidades e preservam os valores e detalhes técnicos
  [desktop] › performance-lab.spec.js:285:1 › ranking explica a normalização por categoria e mantém preço e pontuação
  [desktop] › qa-regressions.spec.js:49:1 › alterar resolução invalida o FPS e o texto do resumo, mantendo as peças e a compatibilidade
  [desktop] › qa-regressions.spec.js:65:1 › resposta atrasada do resumo não restaura análises após editar uma peça em outra página
  [desktop] › qa-regressions.spec.js:85:1 › resposta atrasada do resumo não publica FPS dos parâmetros anteriores
  [desktop] › qa-regressions.spec.js:101:1 › build salva aguarda o catálogo antes de abrir e recupera nomes, preços e orçamento
  [desktop] › qa-regressions.spec.js:120:1 › falha ao gerar resumo é recuperável e não cria rejeição de promessa sem tratamento
  [desktop] › qa-regressions.spec.js:132:1 › tentar novamente uma recomendação não aumenta o orçamento e repete a consulta
  [desktop] › qa-regressions.spec.js:152:1 › comparação de builds invalida resultado e ignora resposta antiga ao alterar critérios
  [desktop] › qa-regressions.spec.js:181:1 › erro ao carregar peças salvas impede abrir com preços zerados e permite recuperar
  [mobile] › build-wizard.spec.js:75:1 › avança pelas nove etapas, mantém ações visíveis e retorna sem perder peças
  [mobile] › build-wizard.spec.js:113:1 › substitui e remove uma peça sem apagar as outras; invalida análises antigas
  [mobile] › build-wizard.spec.js:139:1 › explica campos inválidos, peças faltantes e rejeição do orçamento pela API
  [mobile] › build-wizard.spec.js:175:1 › mantém etapa e contexto ao visitar outra página e aceita storage anterior
  [mobile] › build-wizard.spec.js:193:1 › catálogo apresenta carregamento, falha, recuperação e ausência de peças
  [mobile] › build-wizard.spec.js:217:1 › incompatibilidade continua bloqueando gargalos e não aparece como sucesso
  [mobile] › build-wizard.spec.js:232:1 › trata erros de análise, recomendação e salvamento sem rejeições não capturadas
  [mobile] › build-wizard.spec.js:259:1 › resposta tardia não restaura análises após remover uma peça
  [mobile] › build-wizard.spec.js:275:1 › normalização de centavos preserva os resultados da configuração analisada
  [mobile] › build-wizard.spec.js:286:1 › movimento reduzido usa rolagem instantânea e posiciona foco acima das peças
  [mobile] › build-wizard.spec.js:307:1 › continua navegável com armazenamento local bloqueado
  [mobile] › build-wizard.spec.js:320:1 › sair durante análise não mantém carregamento permanente nem aplica resposta antiga
  [mobile] › build-wizard.spec.js:336:1 › aplica recomendação, permite reanalisar e salva as peças substituídas
  [mobile] › build-wizard.spec.js:359:1 › Escape fecha a lista de etapas e retorna ao acionador sem mudar seleção
  [mobile] › build-wizard.spec.js:372:1 › editar refrigeração limpa sucesso antigo e mantém revisão pendente
  [mobile] › build-wizard.spec.js:390:3 › não conclui revisão nem simula gargalos com bloqueio {"compatible":true,"status":"unverified","unverifiedChecks":[{"code":"missing-data"}]}
  [mobile] › build-wizard.spec.js:390:3 › não conclui revisão nem simula gargalos com bloqueio {"compatible":true,"status":"incompatible"}
  [mobile] › build-wizard.spec.js:390:3 › não conclui revisão nem simula gargalos com bloqueio {"compatible":true,"violations":[{"severity":"low","blocking":true}]}
  [mobile] › build-wizard.spec.js:390:3 › não conclui revisão nem simula gargalos com bloqueio {"compatible":true,"issues":[{"severity":"critical"}]}
  [mobile] › catalog-v23.spec.js:58:1 › v2.3 combina CPU AMD AM4 até R$ 1000 e limpa filtros técnicos ao trocar categoria
  [mobile] › catalog-v23.spec.js:81:3 › v2.3 combina filtros técnicos de ram
  [mobile] › catalog-v23.spec.js:81:3 › v2.3 combina filtros técnicos de storage
  [mobile] › catalog-v23.spec.js:81:3 › v2.3 combina filtros técnicos de cooler
  [mobile] › catalog-v23.spec.js:81:3 › v2.3 combina filtros técnicos de fan
  [mobile] › catalog-v23.spec.js:93:1 › v2.3 ordena preço, desempenho e custo-benefício depois dos filtros, mantendo desconhecidos no fim
  [mobile] › catalog-v23.spec.js:120:1 › v2.3 destaca diferenças sem transformar dados desconhecidos em zero e bloqueia comparação entre categorias
  [mobile] › catalog-v23.spec.js:146:1 › v2.3 adicionar do catálogo preserva demais peças e preferências, invalida análises e persiste ao recarregar
  [mobile] › catalog-v23.spec.js:164:1 › v2.3 tabela de comparação mantém rolagem horizontal dentro do modal no celular
  [mobile] › catalog-v23.spec.js:189:1 › v2.3 compatibilidade usa a montagem atual e diferencia compatível, conflito e verificação incompleta
  [mobile] › catalog-v23.spec.js:222:1 › v2.3 adicionar fan pela comparação mantém quantidades existentes e não duplica pacotes selecionados
  [mobile] › catalog-v23.spec.js:243:1 › v2.3 faixa de desempenho inválida tem orientação e muda de categoria sem filtros invisíveis
  [mobile] › catalog-v23.spec.js:259:1 › v2.3 falha de compatibilidade permite tentar novamente e resposta antiga não filtra outra montagem
  [mobile] › catalog.spec.js:61:1 › combina marca, categoria, nome e limites inclusivos de preço; explica faixa inválida
  [mobile] › catalog.spec.js:83:1 › compara peças da mesma categoria, mantém seleção ao filtrar e padroniza unidades
  [mobile] › catalog.spec.js:105:1 › limita a comparação a quatro peças e identifica especificação ausente
  [mobile] › catalog.spec.js:116:1 › fotografia licenciada, ausência e falha de imagem mantêm fallback e cards alinhados
  [mobile] › catalog.spec.js:137:1 › imagem sem origem/licença não é carregada; preços ausentes não aparecem como zero
  [mobile] › catalog.spec.js:150:1 › catálogo diferencia carregamento, falha, vazio e recuperação
  [mobile] › catalog.spec.js:165:1 › substitui uma peça recomendada no resumo após verificar e preserva a montagem
  [mobile] › catalog.spec.js:200:1 › incompatibilidade impede aplicar; fechar a prévia mantém as escolhas e análises anteriores
  [mobile] › catalog.spec.js:214:1 › excesso de orçamento e análises indisponíveis são informados sem inventar aprovação de desempenho
  [mobile] › catalog.spec.js:227:1 › falha de API e resposta atrasada não alteram a montagem nem aprovam outra peça
  [mobile] › catalog.spec.js:248:1 › montagem incompleta orienta completar as outras peças sem chamar a API de análise
  [mobile] › catalog.spec.js:259:1 › sugestão técnica no resumo reutiliza a mesma prévia e revalida antes de aplicar
  [mobile] › catalog.spec.js:273:1 › v2.4 undo after reload restores previous pieces and recalculates matching analyses
  [mobile] › catalog.spec.js:290:1 › v2.4 pending technical data allow explicit single replacement without claiming compatibility
  [mobile] › chart-presentation-v25.spec.js:27:1 › gráficos têm títulos, unidades e categorias legíveis sem depender da cor
  [mobile] › chart-presentation-v25.spec.js:43:1 › consumo parcial não apresenta referência da fonte nem diferença como cálculo completo
  [mobile] › chart-presentation-v25.spec.js:56:1 › nota ausente continua diferente de zero e mantém critério disponível
  [mobile] › chart-presentation-v25.spec.js:70:1 › tabela FPS recupera nomes completos e valores sem depender de hover
  [mobile] › component-images.spec.js:40:1 › shows exact local images in summary, wizard, recommendations and ID-only saved/shared contexts
  [mobile] › component-images.spec.js:51:1 › ready build details and build comparison selections render ID-resolved media
  [mobile] › component-images.spec.js:68:1 › individual recommendations, upgrades and ranking use current catalog metadata
  [mobile] › component-images.spec.js:77:1 › a stale verified snapshot cannot override current blocked metadata or load legacy URLs
  [mobile] › component-images.spec.js:85:1 › mismatched IDs, external paths and unverified statuses fail closed
  [mobile] › component-images.spec.js:98:1 › a name-only saved snapshot cannot infer an approved catalog photo by name
  [mobile] › component-images.spec.js:113:1 › loading, error and subsequent verified source have accessible states and no broken image
  [mobile] › component-images.spec.js:133:1 › changing a failed model to a different exact model resets image state
  [mobile] › cooling.spec.js:10:1 › cooling packs persist, invalidate analysis, and can be removed without compatibility approval
  [mobile] › cooling.spec.js:36:1 › unverified cooling is distinguished from incompatible builds
  [mobile] › navigation-v25.spec.js:21:1 › link da rota atual fecha o grupo e devolve foco ao título; voltar e avançar preservam a navegação
  [mobile] › navigation-v25.spec.js:37:1 › Escape, clique externo e foco fora do cabeçalho fecham os grupos
  [mobile] › navigation-v25.spec.js:53:1 › mudança entre desktop e menu compacto nunca deixa foco num controle oculto
  [mobile] › navigation-v25.spec.js:66:1 › admin fica fora da navegação pública mas mantém a rota de autenticação
  [mobile] › navigation-v25.spec.js:76:1 › compartilhamento mantém título em erro e permite nova tentativa
  [mobile] › performance-lab.spec.js:53:1 › simula um único jogo pelo contrato existente e preserva classificação, requisitos e detalhes da API
  [mobile] › performance-lab.spec.js:78:1 › compara vários jogos e usa requisitos da API em vez de inferi-los por 60 FPS
  [mobile] › performance-lab.spec.js:114:1 › troca de modo, jogo e configurações invalida resultado e ignora resposta atrasada
  [mobile] › performance-lab.spec.js:142:1 › build incompleta bloqueia ambos os modos sem chamar as APIs
  [mobile] › performance-lab.spec.js:157:1 › ausência de parâmetros, falha de rede e falha de comparação permitem tentar novamente
  [mobile] › performance-lab.spec.js:184:1 › carregamento, erro e catálogo vazio são distintos; falha de software não bloqueia jogos
  [mobile] › performance-lab.spec.js:208:1 › dados ausentes não viram zero FPS nem entram na média
  [mobile] › performance-lab.spec.js:222:1 › simulação profissional mantém funcionamento e erros separados do jogo
  [mobile] › performance-lab.spec.js:238:1 › explicações e detalhes são acessíveis por teclado
  [mobile] › performance-lab.spec.js:254:1 › resumo distingue compatibilidade pendente e mantém avisos da nota geral visíveis
  [mobile] › performance-lab.spec.js:267:1 › gargalos e energia explicam unidades e preservam os valores e detalhes técnicos
  [mobile] › performance-lab.spec.js:285:1 › ranking explica a normalização por categoria e mantém preço e pontuação
  [mobile] › qa-regressions.spec.js:49:1 › alterar resolução invalida o FPS e o texto do resumo, mantendo as peças e a compatibilidade
  [mobile] › qa-regressions.spec.js:65:1 › resposta atrasada do resumo não restaura análises após editar uma peça em outra página
  [mobile] › qa-regressions.spec.js:85:1 › resposta atrasada do resumo não publica FPS dos parâmetros anteriores
  [mobile] › qa-regressions.spec.js:101:1 › build salva aguarda o catálogo antes de abrir e recupera nomes, preços e orçamento
  [mobile] › qa-regressions.spec.js:120:1 › falha ao gerar resumo é recuperável e não cria rejeição de promessa sem tratamento
  [mobile] › qa-regressions.spec.js:132:1 › tentar novamente uma recomendação não aumenta o orçamento e repete a consulta
  [mobile] › qa-regressions.spec.js:152:1 › comparação de builds invalida resultado e ignora resposta antiga ao alterar critérios
  [mobile] › qa-regressions.spec.js:181:1 › erro ao carregar peças salvas impede abrir com preços zerados e permite recuperar
Total: 170 tests in 9 files
npm warn Unknown env config "http-proxy". This will stop working in the next major version of npm.
Listing tests:
  [desktop] › cycle2.spec.js:59:1 › montagem manual, orçamento, análises, salvamento, recuperação e lojas com API real
  [desktop] › cycle2.spec.js:143:1 › incompatibilidade bloqueia o assistente, a correção preserva as peças e a recomendação respeita orçamento
  [desktop] › cycle2.spec.js:171:1 › simulação individual, comparação de jogos, substituição e upgrades com resultados reais da API
  [desktop] › cycle2.spec.js:215:1 › catálogo, imagens, comparação de peças e navegação pública
  [desktop] › cycle2.spec.js:239:1 › acesso administrativo direto, senha inválida, sessão protegida e logout
  [desktop] › cycle2.spec.js:281:1 › storage legado parcial e nulo reabre wizard sem perder peças com catálogo real
  [tablet] › cycle2.spec.js:59:1 › montagem manual, orçamento, análises, salvamento, recuperação e lojas com API real
  [tablet] › cycle2.spec.js:143:1 › incompatibilidade bloqueia o assistente, a correção preserva as peças e a recomendação respeita orçamento
  [tablet] › cycle2.spec.js:171:1 › simulação individual, comparação de jogos, substituição e upgrades com resultados reais da API
  [tablet] › cycle2.spec.js:215:1 › catálogo, imagens, comparação de peças e navegação pública
  [tablet] › cycle2.spec.js:239:1 › acesso administrativo direto, senha inválida, sessão protegida e logout
  [tablet] › cycle2.spec.js:281:1 › storage legado parcial e nulo reabre wizard sem perder peças com catálogo real
  [mobile] › cycle2.spec.js:59:1 › montagem manual, orçamento, análises, salvamento, recuperação e lojas com API real
  [mobile] › cycle2.spec.js:143:1 › incompatibilidade bloqueia o assistente, a correção preserva as peças e a recomendação respeita orçamento
  [mobile] › cycle2.spec.js:171:1 › simulação individual, comparação de jogos, substituição e upgrades com resultados reais da API
  [mobile] › cycle2.spec.js:215:1 › catálogo, imagens, comparação de peças e navegação pública
  [mobile] › cycle2.spec.js:239:1 › acesso administrativo direto, senha inválida, sessão protegida e logout
  [mobile] › cycle2.spec.js:281:1 › storage legado parcial e nulo reabre wizard sem perder peças com catálogo real
Total: 18 tests in 1 file
