✔ frontend totals preserve centavos and match the backend for real catalogue prices (1.32501ms)
✔ an exact-centavo budget renders within budget and one cent less renders over (122.00517ms)
✔ cooling is optional and does not create wizard steps (1.954891ms)
✔ payload carries cooler and fan packs; totals charge packs, not physical units (0.643993ms)
✔ saved, shared and local-storage representations hydrate and round-trip (0.789958ms)
✔ historical objects preserve their prices and removal drops cooling payloads (0.292493ms)
✔ catalog filters and specification comparison include cooling without scores (18.402465ms)
✔ recommendations preserve absent cooling, explicit changes win, and full restores clear legacy cooling (0.537024ms)
✔ missing selected cooling prices make totals unavailable instead of free (0.240465ms)
✔ compares returned whole-build price, power and same-setting game estimates (2.597661ms)
✔ shows decreases and genuine zero changes without converting missing metrics into zero (0.347354ms)
✔ accepts numeric API strings but rejects absent, non-finite, negative and coerced values (0.50707ms)
✔ missing baseline leaves candidate metrics available without fabricated differences (0.19656ms)
✔ requires all selected game settings and all returned settings before showing FPS (0.348926ms)
✔ never compares FPS from a different game, resolution or quality or from old request settings (0.227156ms)
✔ unavailable analyses cannot leak leftover numeric FPS or power values (0.262889ms)
✔ partial cooling consumption remains explicitly partial and suppresses the power delta (0.389176ms)
✔ unverified optional cooling permits an explicit apply but never implies verified FPS (0.345701ms)
✔ known incompatibilities block apply and suppress performance comparisons even with conflicting success flags (0.555512ms)
✔ ordinary warnings do not pretend to be critical incompatibilities (0.19565ms)
✔ deve gerar resumo final estruturado para uma build completa (1287.364239ms)
✔ deve funcionar sem orcamento e sem jogo informado (0.499759ms)
✔ deve destacar incompatibilidades no resumo final (0.586588ms)
✔ deve informar quando analise opcional nao tiver dados suficientes (0.789919ms)
✔ deve retornar erro controlado quando build nao for informada (0.364199ms)
✔ v2.4 RTX 4060 → RX 7600 changes exactly GPU, preserving optional cooling and budget (2.854552ms)
✔ v2.4 recalculates cost, budget, power, performance and compatibility for only new selection (1606.053298ms)
✔ v2.4 invalidates all analyses after a direct change and undo; successive undo restores only inputs (0.252073ms)
✔ v2.4 stale response cannot commit even after A → B → A; wrong category/no-op are rejected (708.926518ms)
✔ v2.4 incompatible CPU identifies affected socket without silently fixing motherboard (0.836096ms)
✔ v2.4 save and reload replacement preserve all accessories; original and version remain unchanged (2.014209ms)
✔ v2.4 direct optional changes invalidate results and retain bounded undo history (0.179736ms)
✔ v2.4 verified commit rejects mismatched summaries and known incompatibility (1345.068473ms)
✔ v2.4 higher-price replacement keeps the budget and exposes the exact overage (784.100136ms)
✔ v2.1 legacy builds retain seven slots and compatible status (3.499386ms)
✔ v2.1 optional selection, serialization and pack budgets roundtrip (1.451987ms)
✔ v2.1 rejects malformed quantity, duplicate IDs and category substitutions (0.618555ms)
✔ v2.1 cooler socket and air-height conflicts are distinguished from missing data (0.335516ms)
✔ v2.1 radiator support is checked without claiming complete physical fit (0.299994ms)
✔ v2.1 fan diameter, thickness, included fans and radiator consume capacity (0.437136ms)
✔ v2.1 alternative mount layouts and unknown case data stay unverified (0.410437ms)
✔ v2.1 physical unit power differs from pack price and never invents unknown draw (0.961542ms)
✔ v2.1 missing storage interfaces returns unverified rather than TypeError (0.373162ms)
✔ v2.1 admin accepts cooling records with explicit unknowns and rejects malformed fields (1.00724ms)
✔ v2.1 missing legacy technical fields are unverified without false compatibility (0.898639ms)
✔ v2.1 duplicate diameter rows do not inflate mount capacity (0.242198ms)
✔ v2.1 admin rejects malformed case cooling limits (0.445329ms)
✔ final guidance does not recommend a balanced build with insufficient game performance (8.06011ms)
✔ insufficient game guidance takes precedence over generic bottleneck guidance (1.445788ms)
✔ unavailable requested game analysis cannot become an unconditional recommendation (4.206851ms)
✔ omitting a game keeps compatibility separate from game performance approval (0.420812ms)
✔ missing performance parameters remain unavailable in final guidance (1.953349ms)
✔ compatibility and budget retain precedence over game guidance (2.974278ms)
✔ deve listar jogos mockados para simulacao (1.326251ms)
✔ deve filtrar jogos por categoria (0.209349ms)
✔ deve simular desempenho esperado em jogo com build parcial (1.425047ms)
✔ deve retornar desempenho otimo quando atender requisitos recomendados (0.419921ms)
✔ deve comparar desempenho da mesma build em varios jogos preservando a ordem (1.699072ms)
✔ deve retornar erro controlado quando comparar menos de dois jogos (0.506038ms)
✔ deve retornar erro controlado com IDs invalidos na comparacao de jogos (0.29786ms)
✔ deve aplicar penalidade de gargalo quando build completa estiver disponivel (3.155927ms)
✔ deve retornar erro controlado quando jogo nao existir (0.33778ms)
✔ deve retornar erro controlado quando build estiver incompleta (0.423026ms)
✔ deve retornar erro controlado quando parametros de desempenho nao existirem (0.486429ms)
ℹ tests 64
ℹ suites 0
ℹ pass 64
ℹ fail 0
ℹ cancelled 0
ℹ skipped 0
ℹ todo 0
ℹ duration_ms 4594.524678
