Baseline HEAD 5de7d88; exact catalog literal from frontend/tests/e2e/component-images.spec.js
node:internal/modules/run_main:107
    triggerUncaughtException(
    ^

AssertionError [ERR_ASSERTION]: Got unwanted exception: Every image-presentation catalog fixture must satisfy catalog identity schema
Actual message: "Resposta inválida do catálogo. Tente carregar as peças novamente."
    at file:///workspace/shared/pcpowerlab-v2-baseline/[eval1]:10:8
    at ModuleJob.run (node:internal/modules/esm/module_job:439:25)
    at process.processTicksAndRejections (node:internal/process/task_queues:104:5)
    at async node:internal/modules/esm/loader:224:26
    at async ModuleLoader.executeModuleJob (node:internal/modules/esm/loader:221:20)
    at async asyncRunEntryPointWithESMLoader (node:internal/modules/run_main:101:5) {
  generatedMessage: false,
  code: 'ERR_ASSERTION',
  actual: Error: Resposta inválida do catálogo. Tente carregar as peças novamente.
      at validateCatalogResponse (file:///workspace/shared/pcpowerlab-v2-baseline/frontend/src/utils/catalogResponse.js:17:13)
      at file:///workspace/shared/pcpowerlab-v2-baseline/[eval1]:10:25
      at getActual (node:assert:611:5)
      at strict.doesNotThrow (node:assert:779:32)
      at file:///workspace/shared/pcpowerlab-v2-baseline/[eval1]:10:8
      at ModuleJob.run (node:internal/modules/esm/module_job:439:25)
      at process.processTicksAndRejections (node:internal/process/task_queues:104:5)
      at async node:internal/modules/esm/loader:224:26
      at async ModuleLoader.executeModuleJob (node:internal/modules/esm/loader:221:20)
      at async asyncRunEntryPointWithESMLoader (node:internal/modules/run_main:101:5),
  expected: undefined,
  operator: 'doesNotThrow',
  diff: 'simple'
}

Node.js v24.19.0
