✖ upgrade suggestions resolve mixed aliases exactly as the central selector (2454.050089ms)
✖ roadmap initial compatibility and steps use the same mixed-alias selection (3608.642877ms)
✔ legacy slot names, flat ID aliases, nested aliases and saved builds retain identical upgrade results (13535.338887ms)
✔ nested cooling options retain IDs, pack quantities, cost and unverified compatibility (6092.280592ms)
✖ explicit top-level cooling removal overrides nested options in upgrades and roadmap (2030.447873ms)
ℹ tests 5
ℹ suites 0
ℹ pass 2
ℹ fail 3
ℹ cancelled 0
ℹ skipped 0
ℹ todo 0
ℹ duration_ms 27846.461315

✖ failing tests:

test at tests/upgrade-selection-normalization.test.js:14:1
✖ upgrade suggestions resolve mixed aliases exactly as the central selector (2454.050089ms)
  AssertionError [ERR_ASSERTION]: Expected values to be strictly equal:

  4449.3 !== 4699.3

      at TestContext.<anonymous> (file:///workspace/shared/pcpowerlab-v2-baseline/tests/upgrade-selection-normalization.test.js:17:10)
      at Test.runInAsyncScope (node:async_hooks:227:14)
      at Test.run (node:internal/test_runner/test:1382:25)
      at Test.start (node:internal/test_runner/test:1242:17)
      at startSubtestAfterBootstrap (node:internal/test_runner/harness:387:17) {
    generatedMessage: true,
    code: 'ERR_ASSERTION',
    actual: 4449.3,
    expected: 4699.3,
    operator: 'strictEqual',
    diff: 'simple'
  }

test at tests/upgrade-selection-normalization.test.js:23:1
✖ roadmap initial compatibility and steps use the same mixed-alias selection (3608.642877ms)
  AssertionError [ERR_ASSERTION]: Expected values to be strictly equal:

  4449.3 !== 4699.3

      at TestContext.<anonymous> (file:///workspace/shared/pcpowerlab-v2-baseline/tests/upgrade-selection-normalization.test.js:25:10)
      at Test.runInAsyncScope (node:async_hooks:227:14)
      at Test.run (node:internal/test_runner/test:1382:25)
      at Test.processPendingSubtests (node:internal/test_runner/test:960:18)
      at Test.postRun (node:internal/test_runner/test:1522:19)
      at Test.run (node:internal/test_runner/test:1447:12)
      at async startSubtestAfterBootstrap (node:internal/test_runner/harness:387:3) {
    generatedMessage: true,
    code: 'ERR_ASSERTION',
    actual: 4449.3,
    expected: 4699.3,
    operator: 'strictEqual',
    diff: 'simple'
  }

test at tests/upgrade-selection-normalization.test.js:58:1
✖ explicit top-level cooling removal overrides nested options in upgrades and roadmap (2030.447873ms)
  AssertionError [ERR_ASSERTION]: Expected values to be strictly equal:

  5199.2 !== 4699.3

      at TestContext.<anonymous> (file:///workspace/shared/pcpowerlab-v2-baseline/tests/upgrade-selection-normalization.test.js:63:10)
      at Test.runInAsyncScope (node:async_hooks:227:14)
      at Test.run (node:internal/test_runner/test:1382:25)
      at Test.processPendingSubtests (node:internal/test_runner/test:960:18)
      at Test.postRun (node:internal/test_runner/test:1522:19)
      at Test.run (node:internal/test_runner/test:1447:12)
      at async Test.processPendingSubtests (node:internal/test_runner/test:960:7) {
    generatedMessage: true,
    code: 'ERR_ASSERTION',
    actual: 5199.2,
    expected: 4699.3,
    operator: 'strictEqual',
    diff: 'simple'
  }
