✖ deleting a saved build removes dependent versions and notifications but preserves other builds and shared snapshots (7.144015ms)
ℹ tests 1
ℹ suites 0
ℹ pass 0
ℹ fail 1
ℹ cancelled 0
ℹ skipped 0
ℹ todo 0
ℹ duration_ms 108.665359

✖ failing tests:

test at tests/build-lifecycle-integrity.test.js:11:1
✖ deleting a saved build removes dependent versions and notifications but preserves other builds and shared snapshots (7.144015ms)
  AssertionError [ERR_ASSERTION]: Expected values to be strictly equal:
  
  true !== false
  
      at TestContext.<anonymous> (file:///workspace/shared/pcpowerlab-v2-baseline/tests/build-lifecycle-integrity.test.js:27:10)
      at Test.runInAsyncScope (node:async_hooks:227:14)
      at Test.run (node:internal/test_runner/test:1382:25)
      at Test.start (node:internal/test_runner/test:1242:17)
      at startSubtestAfterBootstrap (node:internal/test_runner/harness:387:17) {
    generatedMessage: true,
    code: 'ERR_ASSERTION',
    actual: true,
    expected: false,
    operator: 'strictEqual',
    diff: 'simple'
  }
